GnuCOBOL 3.0-rc1.0      CRC32.cob                                                     Sun Feb 09 10:36:38 2020  Page 0001

LINE    PG/LN  A...B............................................................SEQUENCE

000001        *============================ CRC32 =============================*
000002        * Authors: Brian D Pead
000003        *
000004        * Description: Subroutine to calculate a CRC-32 checksum on the
000005        *              specified input.
000006        *
000007        * License: MIT
000008        *
000009        * Date        Version  Description
000010        * ----        -------  -----------
000011        * 2020-02-08  1.0      First release
000012        *================================================================*
000013
000014         IDENTIFICATION DIVISION.
000015        *========================
000016
000017         PROGRAM-ID.                 CRC32.
000018
000019         ENVIRONMENT DIVISION.
000020        *=====================
000021
000022         CONFIGURATION SECTION.
000023        *----------------------
000024
000025         SOURCE-COMPUTER.
000026             IBM-Z15.
000027        *    IBM-Z15 DEBUGGING MODE.
000028
000029         INPUT-OUTPUT SECTION.
000030        *---------------------
000031
000032         FILE-CONTROL.
GnuCOBOL 3.0-rc1.0      CRC32.cob                                                     Sun Feb 09 10:36:38 2020  Page 0002

LINE    PG/LN  A...B............................................................SEQUENCE

000033        /
000034         DATA DIVISION.
000035        *==============
000036
000037         FILE SECTION.
000038        *-------------
000039
000040         WORKING-STORAGE SECTION.
000041        *------------------------
000042
000043         01  W-CHECKSUM-SHIFT        PIC 9(09)  COMP.
000044         01  W-BITWISE-RESULT        PIC 9(09)  COMP.
000045         01  W-BITWISE-PROG          PIC X(08)       VALUE 'BITWISE'.
000046
000047         01  FILLER                  PIC X(01)       VALUE 'Y'.
000048             88  W-FIRST-CALL                        VALUE 'Y'.
000049             88  W-NOT-FIRST-CALL                    VALUE 'N'.
000050
000051         01  W-COMPILED-DATE.
000052             05  W-COMPILED-DATE-YYYY
000053                                     PIC X(04).
000054             05  W-COMPILED-DATE-MM  PIC X(02).
000055             05  W-COMPILED-DATE-DD  PIC X(02).
000056             05  W-COMPILED-TIME-HH  PIC X(02).
000057             05  W-COMPILED-TIME-MM  PIC X(02).
000058             05  W-COMPILED-TIME-SS  PIC X(02).
000059             05  FILLER              PIC X(07).
000060
000061         01  W-HIGH-VALUES-X         PIC X(04)       VALUE HIGH-VALUES.
000062         01  W-HIGH-VALUES-BIN REDEFINES W-HIGH-VALUES-X
000063                                     PIC 9(09)  COMP.
000064
000065         01  W-INPUT-1               PIC 9(09)  COMP.
000066         01  W-INPUT-1-BYTES REDEFINES W-INPUT-1.
000067             05  W-INPUT-1-1-3       PIC X(03).
000068             05  W-INPUT-1-4         PIC X(01).
000069
000070         01  W-INPUT-2               PIC 9(09)  COMP.
000071         01  W-INPUT-2-BYTES REDEFINES W-INPUT-2.
000072             05  W-INPUT-2-1-3       PIC X(03).
000073             05  W-INPUT-2-4         PIC X(01).
000074
000075         01  W-SUB-1                 PIC S9(04) COMP.
000076         01  FILLER REDEFINES W-SUB-1.
000077             05  FILLER              PIC X(01)       VALUE X'00'.
000078             05  W-SUB-1-2           PIC X(01).
000079
000080         01  W-SUB-2                 PIC S9(04) COMP.
000081         01  FILLER REDEFINES W-SUB-2.
000082             05  FILLER              PIC X(01)       VALUE X'00'.
000083             05  W-SUB-2-2           PIC X(01).
000084
GnuCOBOL 3.0-rc1.0      CRC32.cob                                                     Sun Feb 09 10:36:38 2020  Page 0003

LINE    PG/LN  A...B............................................................SEQUENCE

000085         01  W-BITWISE-PARAMETER.    COPY BITWISEL.
000001C       *========================= BITWISEL.cpy =========================*
000002C       * Authors: Brian D Pead
000003C       *
000004C       * Description: Linkage parameter for subroutine BITWISE which
000005C       *              performs the requested bitwise operation.
000006C       *
000007C       * License: MIT
000008C       *
000009C       * Date        Version  Description
000010C       * ----        -------  -----------
000011C       * 2020-02-08  1.0      First release
000012C       *================================================================*
000013C
000014C       *01  BITWISE-PARAMETER.
000015C
000016C       **** Input fields:
000017C       ****     BW-OPERATION:
000018C       ****         Operation to perform.
000019C       ****     BW-INPUT-1-PTR:
000020C       ****         Pointer to first input.
000021C       ****     BW-INPUT-2-PTR:
000022C       ****         Pointer to second input.
000023C       ****     BW-INPUT-LEN:
000024C       ****         Length of inputs (output length is the same).
000025C       ****     BW-OUTPUT-PTR:
000026C       ****         Pointer to output.
000027C
000028C       **** Output field:
000029C       ****     The area pointed to by BW-OUTPUT-PTR.
000030C
000031C            05  BW-OPERATION        PIC S9(04) COMP.
000032C                88  BW-OPERATION-AND                VALUE 1.
000033C                88  BW-OPERATION-OR                 VALUE 2.
000034C                88  BW-OPERATION-XOR                VALUE 3.
000035C
000036C            05  BW-INPUT-1-PTR                      POINTER.
000037C
000038C            05  BW-INPUT-2-PTR                      POINTER.
000039C
000040C            05  BW-INPUT-LEN        PIC 9(09)  COMP.
000041C
000042C            05  BW-OUTPUT-PTR                       POINTER.
000086
000087         COPY CRC32W.
000001C       *================================================================*
000002C       *         Table generated by C# program CobolBitwiseGen          *
000003C       *                                                                *
000004C       *         Author: Brian D Pead                                   *
000005C       *                                                                *
000006C       *         License: MIT                                           *
000007C       *                                                                *
GnuCOBOL 3.0-rc1.0      CRC32.cob                                                     Sun Feb 09 10:36:38 2020  Page 0004

LINE    PG/LN  A...B............................................................SEQUENCE

000008C       *         Date: 2020-02-08                                       *
000009C       *================================================================*
000010C
000011C        01  W-CRC32-TABLE.
000012C            05  FILLER-000          PIC 9(09)  COMP VALUE          0.
000013C            05  FILLER-001          PIC 9(09)  COMP VALUE 1996959894.
000014C            05  FILLER-002          PIC 9(09)  COMP VALUE 3993919788.
000015C            05  FILLER-003          PIC 9(09)  COMP VALUE 2567524794.
000016C            05  FILLER-004          PIC 9(09)  COMP VALUE  124634137.
000017C            05  FILLER-005          PIC 9(09)  COMP VALUE 1886057615.
000018C            05  FILLER-006          PIC 9(09)  COMP VALUE 3915621685.
000019C            05  FILLER-007          PIC 9(09)  COMP VALUE 2657392035.
000020C            05  FILLER-008          PIC 9(09)  COMP VALUE  249268274.
000021C            05  FILLER-009          PIC 9(09)  COMP VALUE 2044508324.
000022C            05  FILLER-010          PIC 9(09)  COMP VALUE 3772115230.
000023C            05  FILLER-011          PIC 9(09)  COMP VALUE 2547177864.
000024C            05  FILLER-012          PIC 9(09)  COMP VALUE  162941995.
000025C            05  FILLER-013          PIC 9(09)  COMP VALUE 2125561021.
000026C            05  FILLER-014          PIC 9(09)  COMP VALUE 3887607047.
000027C            05  FILLER-015          PIC 9(09)  COMP VALUE 2428444049.
000028C            05  FILLER-016          PIC 9(09)  COMP VALUE  498536548.
000029C            05  FILLER-017          PIC 9(09)  COMP VALUE 1789927666.
000030C            05  FILLER-018          PIC 9(09)  COMP VALUE 4089016648.
000031C            05  FILLER-019          PIC 9(09)  COMP VALUE 2227061214.
000032C            05  FILLER-020          PIC 9(09)  COMP VALUE  450548861.
000033C            05  FILLER-021          PIC 9(09)  COMP VALUE 1843258603.
000034C            05  FILLER-022          PIC 9(09)  COMP VALUE 4107580753.
000035C            05  FILLER-023          PIC 9(09)  COMP VALUE 2211677639.
000036C            05  FILLER-024          PIC 9(09)  COMP VALUE  325883990.
000037C            05  FILLER-025          PIC 9(09)  COMP VALUE 1684777152.
000038C            05  FILLER-026          PIC 9(09)  COMP VALUE 4251122042.
000039C            05  FILLER-027          PIC 9(09)  COMP VALUE 2321926636.
000040C            05  FILLER-028          PIC 9(09)  COMP VALUE  335633487.
000041C            05  FILLER-029          PIC 9(09)  COMP VALUE 1661365465.
000042C            05  FILLER-030          PIC 9(09)  COMP VALUE 4195302755.
000043C            05  FILLER-031          PIC 9(09)  COMP VALUE 2366115317.
000044C            05  FILLER-032          PIC 9(09)  COMP VALUE  997073096.
000045C            05  FILLER-033          PIC 9(09)  COMP VALUE 1281953886.
000046C            05  FILLER-034          PIC 9(09)  COMP VALUE 3579855332.
000047C            05  FILLER-035          PIC 9(09)  COMP VALUE 2724688242.
000048C            05  FILLER-036          PIC 9(09)  COMP VALUE 1006888145.
000049C            05  FILLER-037          PIC 9(09)  COMP VALUE 1258607687.
000050C            05  FILLER-038          PIC 9(09)  COMP VALUE 3524101629.
000051C            05  FILLER-039          PIC 9(09)  COMP VALUE 2768942443.
000052C            05  FILLER-040          PIC 9(09)  COMP VALUE  901097722.
000053C            05  FILLER-041          PIC 9(09)  COMP VALUE 1119000684.
000054C            05  FILLER-042          PIC 9(09)  COMP VALUE 3686517206.
000055C            05  FILLER-043          PIC 9(09)  COMP VALUE 2898065728.
000056C            05  FILLER-044          PIC 9(09)  COMP VALUE  853044451.
000057C            05  FILLER-045          PIC 9(09)  COMP VALUE 1172266101.
000058C            05  FILLER-046          PIC 9(09)  COMP VALUE 3705015759.
000059C            05  FILLER-047          PIC 9(09)  COMP VALUE 2882616665.
GnuCOBOL 3.0-rc1.0      CRC32.cob                                                     Sun Feb 09 10:36:38 2020  Page 0005

LINE    PG/LN  A...B............................................................SEQUENCE

000060C            05  FILLER-048          PIC 9(09)  COMP VALUE  651767980.
000061C            05  FILLER-049          PIC 9(09)  COMP VALUE 1373503546.
000062C            05  FILLER-050          PIC 9(09)  COMP VALUE 3369554304.
000063C            05  FILLER-051          PIC 9(09)  COMP VALUE 3218104598.
000064C            05  FILLER-052          PIC 9(09)  COMP VALUE  565507253.
000065C            05  FILLER-053          PIC 9(09)  COMP VALUE 1454621731.
000066C            05  FILLER-054          PIC 9(09)  COMP VALUE 3485111705.
000067C            05  FILLER-055          PIC 9(09)  COMP VALUE 3099436303.
000068C            05  FILLER-056          PIC 9(09)  COMP VALUE  671266974.
000069C            05  FILLER-057          PIC 9(09)  COMP VALUE 1594198024.
000070C            05  FILLER-058          PIC 9(09)  COMP VALUE 3322730930.
000071C            05  FILLER-059          PIC 9(09)  COMP VALUE 2970347812.
000072C            05  FILLER-060          PIC 9(09)  COMP VALUE  795835527.
000073C            05  FILLER-061          PIC 9(09)  COMP VALUE 1483230225.
000074C            05  FILLER-062          PIC 9(09)  COMP VALUE 3244367275.
000075C            05  FILLER-063          PIC 9(09)  COMP VALUE 3060149565.
000076C            05  FILLER-064          PIC 9(09)  COMP VALUE 1994146192.
000077C            05  FILLER-065          PIC 9(09)  COMP VALUE   31158534.
000078C            05  FILLER-066          PIC 9(09)  COMP VALUE 2563907772.
000079C            05  FILLER-067          PIC 9(09)  COMP VALUE 4023717930.
000080C            05  FILLER-068          PIC 9(09)  COMP VALUE 1907459465.
000081C            05  FILLER-069          PIC 9(09)  COMP VALUE  112637215.
000082C            05  FILLER-070          PIC 9(09)  COMP VALUE 2680153253.
000083C            05  FILLER-071          PIC 9(09)  COMP VALUE 3904427059.
000084C            05  FILLER-072          PIC 9(09)  COMP VALUE 2013776290.
000085C            05  FILLER-073          PIC 9(09)  COMP VALUE  251722036.
000086C            05  FILLER-074          PIC 9(09)  COMP VALUE 2517215374.
000087C            05  FILLER-075          PIC 9(09)  COMP VALUE 3775830040.
000088C            05  FILLER-076          PIC 9(09)  COMP VALUE 2137656763.
000089C            05  FILLER-077          PIC 9(09)  COMP VALUE  141376813.
000090C            05  FILLER-078          PIC 9(09)  COMP VALUE 2439277719.
000091C            05  FILLER-079          PIC 9(09)  COMP VALUE 3865271297.
000092C            05  FILLER-080          PIC 9(09)  COMP VALUE 1802195444.
000093C            05  FILLER-081          PIC 9(09)  COMP VALUE  476864866.
000094C            05  FILLER-082          PIC 9(09)  COMP VALUE 2238001368.
000095C            05  FILLER-083          PIC 9(09)  COMP VALUE 4066508878.
000096C            05  FILLER-084          PIC 9(09)  COMP VALUE 1812370925.
000097C            05  FILLER-085          PIC 9(09)  COMP VALUE  453092731.
000098C            05  FILLER-086          PIC 9(09)  COMP VALUE 2181625025.
000099C            05  FILLER-087          PIC 9(09)  COMP VALUE 4111451223.
000100C            05  FILLER-088          PIC 9(09)  COMP VALUE 1706088902.
000101C            05  FILLER-089          PIC 9(09)  COMP VALUE  314042704.
000102C            05  FILLER-090          PIC 9(09)  COMP VALUE 2344532202.
000103C            05  FILLER-091          PIC 9(09)  COMP VALUE 4240017532.
000104C            05  FILLER-092          PIC 9(09)  COMP VALUE 1658658271.
000105C            05  FILLER-093          PIC 9(09)  COMP VALUE  366619977.
000106C            05  FILLER-094          PIC 9(09)  COMP VALUE 2362670323.
000107C            05  FILLER-095          PIC 9(09)  COMP VALUE 4224994405.
000108C            05  FILLER-096          PIC 9(09)  COMP VALUE 1303535960.
000109C            05  FILLER-097          PIC 9(09)  COMP VALUE  984961486.
000110C            05  FILLER-098          PIC 9(09)  COMP VALUE 2747007092.
000111C            05  FILLER-099          PIC 9(09)  COMP VALUE 3569037538.
GnuCOBOL 3.0-rc1.0      CRC32.cob                                                     Sun Feb 09 10:36:38 2020  Page 0006

LINE    PG/LN  A...B............................................................SEQUENCE

000112C            05  FILLER-100          PIC 9(09)  COMP VALUE 1256170817.
000113C            05  FILLER-101          PIC 9(09)  COMP VALUE 1037604311.
000114C            05  FILLER-102          PIC 9(09)  COMP VALUE 2765210733.
000115C            05  FILLER-103          PIC 9(09)  COMP VALUE 3554079995.
000116C            05  FILLER-104          PIC 9(09)  COMP VALUE 1131014506.
000117C            05  FILLER-105          PIC 9(09)  COMP VALUE  879679996.
000118C            05  FILLER-106          PIC 9(09)  COMP VALUE 2909243462.
000119C            05  FILLER-107          PIC 9(09)  COMP VALUE 3663771856.
000120C            05  FILLER-108          PIC 9(09)  COMP VALUE 1141124467.
000121C            05  FILLER-109          PIC 9(09)  COMP VALUE  855842277.
000122C            05  FILLER-110          PIC 9(09)  COMP VALUE 2852801631.
000123C            05  FILLER-111          PIC 9(09)  COMP VALUE 3708648649.
000124C            05  FILLER-112          PIC 9(09)  COMP VALUE 1342533948.
000125C            05  FILLER-113          PIC 9(09)  COMP VALUE  654459306.
000126C            05  FILLER-114          PIC 9(09)  COMP VALUE 3188396048.
000127C            05  FILLER-115          PIC 9(09)  COMP VALUE 3373015174.
000128C            05  FILLER-116          PIC 9(09)  COMP VALUE 1466479909.
000129C            05  FILLER-117          PIC 9(09)  COMP VALUE  544179635.
000130C            05  FILLER-118          PIC 9(09)  COMP VALUE 3110523913.
000131C            05  FILLER-119          PIC 9(09)  COMP VALUE 3462522015.
000132C            05  FILLER-120          PIC 9(09)  COMP VALUE 1591671054.
000133C            05  FILLER-121          PIC 9(09)  COMP VALUE  702138776.
000134C            05  FILLER-122          PIC 9(09)  COMP VALUE 2966460450.
000135C            05  FILLER-123          PIC 9(09)  COMP VALUE 3352799412.
000136C            05  FILLER-124          PIC 9(09)  COMP VALUE 1504918807.
000137C            05  FILLER-125          PIC 9(09)  COMP VALUE  783551873.
000138C            05  FILLER-126          PIC 9(09)  COMP VALUE 3082640443.
000139C            05  FILLER-127          PIC 9(09)  COMP VALUE 3233442989.
000140C            05  FILLER-128          PIC 9(09)  COMP VALUE 3988292384.
000141C            05  FILLER-129          PIC 9(09)  COMP VALUE 2596254646.
000142C            05  FILLER-130          PIC 9(09)  COMP VALUE   62317068.
000143C            05  FILLER-131          PIC 9(09)  COMP VALUE 1957810842.
000144C            05  FILLER-132          PIC 9(09)  COMP VALUE 3939845945.
000145C            05  FILLER-133          PIC 9(09)  COMP VALUE 2647816111.
000146C            05  FILLER-134          PIC 9(09)  COMP VALUE   81470997.
000147C            05  FILLER-135          PIC 9(09)  COMP VALUE 1943803523.
000148C            05  FILLER-136          PIC 9(09)  COMP VALUE 3814918930.
000149C            05  FILLER-137          PIC 9(09)  COMP VALUE 2489596804.
000150C            05  FILLER-138          PIC 9(09)  COMP VALUE  225274430.
000151C            05  FILLER-139          PIC 9(09)  COMP VALUE 2053790376.
000152C            05  FILLER-140          PIC 9(09)  COMP VALUE 3826175755.
000153C            05  FILLER-141          PIC 9(09)  COMP VALUE 2466906013.
000154C            05  FILLER-142          PIC 9(09)  COMP VALUE  167816743.
000155C            05  FILLER-143          PIC 9(09)  COMP VALUE 2097651377.
000156C            05  FILLER-144          PIC 9(09)  COMP VALUE 4027552580.
000157C            05  FILLER-145          PIC 9(09)  COMP VALUE 2265490386.
000158C            05  FILLER-146          PIC 9(09)  COMP VALUE  503444072.
000159C            05  FILLER-147          PIC 9(09)  COMP VALUE 1762050814.
000160C            05  FILLER-148          PIC 9(09)  COMP VALUE 4150417245.
000161C            05  FILLER-149          PIC 9(09)  COMP VALUE 2154129355.
000162C            05  FILLER-150          PIC 9(09)  COMP VALUE  426522225.
000163C            05  FILLER-151          PIC 9(09)  COMP VALUE 1852507879.
GnuCOBOL 3.0-rc1.0      CRC32.cob                                                     Sun Feb 09 10:36:38 2020  Page 0007

LINE    PG/LN  A...B............................................................SEQUENCE

000164C            05  FILLER-152          PIC 9(09)  COMP VALUE 4275313526.
000165C            05  FILLER-153          PIC 9(09)  COMP VALUE 2312317920.
000166C            05  FILLER-154          PIC 9(09)  COMP VALUE  282753626.
000167C            05  FILLER-155          PIC 9(09)  COMP VALUE 1742555852.
000168C            05  FILLER-156          PIC 9(09)  COMP VALUE 4189708143.
000169C            05  FILLER-157          PIC 9(09)  COMP VALUE 2394877945.
000170C            05  FILLER-158          PIC 9(09)  COMP VALUE  397917763.
000171C            05  FILLER-159          PIC 9(09)  COMP VALUE 1622183637.
000172C            05  FILLER-160          PIC 9(09)  COMP VALUE 3604390888.
000173C            05  FILLER-161          PIC 9(09)  COMP VALUE 2714866558.
000174C            05  FILLER-162          PIC 9(09)  COMP VALUE  953729732.
000175C            05  FILLER-163          PIC 9(09)  COMP VALUE 1340076626.
000176C            05  FILLER-164          PIC 9(09)  COMP VALUE 3518719985.
000177C            05  FILLER-165          PIC 9(09)  COMP VALUE 2797360999.
000178C            05  FILLER-166          PIC 9(09)  COMP VALUE 1068828381.
000179C            05  FILLER-167          PIC 9(09)  COMP VALUE 1219638859.
000180C            05  FILLER-168          PIC 9(09)  COMP VALUE 3624741850.
000181C            05  FILLER-169          PIC 9(09)  COMP VALUE 2936675148.
000182C            05  FILLER-170          PIC 9(09)  COMP VALUE  906185462.
000183C            05  FILLER-171          PIC 9(09)  COMP VALUE 1090812512.
000184C            05  FILLER-172          PIC 9(09)  COMP VALUE 3747672003.
000185C            05  FILLER-173          PIC 9(09)  COMP VALUE 2825379669.
000186C            05  FILLER-174          PIC 9(09)  COMP VALUE  829329135.
000187C            05  FILLER-175          PIC 9(09)  COMP VALUE 1181335161.
000188C            05  FILLER-176          PIC 9(09)  COMP VALUE 3412177804.
000189C            05  FILLER-177          PIC 9(09)  COMP VALUE 3160834842.
000190C            05  FILLER-178          PIC 9(09)  COMP VALUE  628085408.
000191C            05  FILLER-179          PIC 9(09)  COMP VALUE 1382605366.
000192C            05  FILLER-180          PIC 9(09)  COMP VALUE 3423369109.
000193C            05  FILLER-181          PIC 9(09)  COMP VALUE 3138078467.
000194C            05  FILLER-182          PIC 9(09)  COMP VALUE  570562233.
000195C            05  FILLER-183          PIC 9(09)  COMP VALUE 1426400815.
000196C            05  FILLER-184          PIC 9(09)  COMP VALUE 3317316542.
000197C            05  FILLER-185          PIC 9(09)  COMP VALUE 2998733608.
000198C            05  FILLER-186          PIC 9(09)  COMP VALUE  733239954.
000199C            05  FILLER-187          PIC 9(09)  COMP VALUE 1555261956.
000200C            05  FILLER-188          PIC 9(09)  COMP VALUE 3268935591.
000201C            05  FILLER-189          PIC 9(09)  COMP VALUE 3050360625.
000202C            05  FILLER-190          PIC 9(09)  COMP VALUE  752459403.
000203C            05  FILLER-191          PIC 9(09)  COMP VALUE 1541320221.
000204C            05  FILLER-192          PIC 9(09)  COMP VALUE 2607071920.
000205C            05  FILLER-193          PIC 9(09)  COMP VALUE 3965973030.
000206C            05  FILLER-194          PIC 9(09)  COMP VALUE 1969922972.
000207C            05  FILLER-195          PIC 9(09)  COMP VALUE   40735498.
000208C            05  FILLER-196          PIC 9(09)  COMP VALUE 2617837225.
000209C            05  FILLER-197          PIC 9(09)  COMP VALUE 3943577151.
000210C            05  FILLER-198          PIC 9(09)  COMP VALUE 1913087877.
000211C            05  FILLER-199          PIC 9(09)  COMP VALUE   83908371.
000212C            05  FILLER-200          PIC 9(09)  COMP VALUE 2512341634.
000213C            05  FILLER-201          PIC 9(09)  COMP VALUE 3803740692.
000214C            05  FILLER-202          PIC 9(09)  COMP VALUE 2075208622.
000215C            05  FILLER-203          PIC 9(09)  COMP VALUE  213261112.
GnuCOBOL 3.0-rc1.0      CRC32.cob                                                     Sun Feb 09 10:36:38 2020  Page 0008

LINE    PG/LN  A...B............................................................SEQUENCE

000216C            05  FILLER-204          PIC 9(09)  COMP VALUE 2463272603.
000217C            05  FILLER-205          PIC 9(09)  COMP VALUE 3855990285.
000218C            05  FILLER-206          PIC 9(09)  COMP VALUE 2094854071.
000219C            05  FILLER-207          PIC 9(09)  COMP VALUE  198958881.
000220C            05  FILLER-208          PIC 9(09)  COMP VALUE 2262029012.
000221C            05  FILLER-209          PIC 9(09)  COMP VALUE 4057260610.
000222C            05  FILLER-210          PIC 9(09)  COMP VALUE 1759359992.
000223C            05  FILLER-211          PIC 9(09)  COMP VALUE  534414190.
000224C            05  FILLER-212          PIC 9(09)  COMP VALUE 2176718541.
000225C            05  FILLER-213          PIC 9(09)  COMP VALUE 4139329115.
000226C            05  FILLER-214          PIC 9(09)  COMP VALUE 1873836001.
000227C            05  FILLER-215          PIC 9(09)  COMP VALUE  414664567.
000228C            05  FILLER-216          PIC 9(09)  COMP VALUE 2282248934.
000229C            05  FILLER-217          PIC 9(09)  COMP VALUE 4279200368.
000230C            05  FILLER-218          PIC 9(09)  COMP VALUE 1711684554.
000231C            05  FILLER-219          PIC 9(09)  COMP VALUE  285281116.
000232C            05  FILLER-220          PIC 9(09)  COMP VALUE 2405801727.
000233C            05  FILLER-221          PIC 9(09)  COMP VALUE 4167216745.
000234C            05  FILLER-222          PIC 9(09)  COMP VALUE 1634467795.
000235C            05  FILLER-223          PIC 9(09)  COMP VALUE  376229701.
000236C            05  FILLER-224          PIC 9(09)  COMP VALUE 2685067896.
000237C            05  FILLER-225          PIC 9(09)  COMP VALUE 3608007406.
000238C            05  FILLER-226          PIC 9(09)  COMP VALUE 1308918612.
000239C            05  FILLER-227          PIC 9(09)  COMP VALUE  956543938.
000240C            05  FILLER-228          PIC 9(09)  COMP VALUE 2808555105.
000241C            05  FILLER-229          PIC 9(09)  COMP VALUE 3495958263.
000242C            05  FILLER-230          PIC 9(09)  COMP VALUE 1231636301.
000243C            05  FILLER-231          PIC 9(09)  COMP VALUE 1047427035.
000244C            05  FILLER-232          PIC 9(09)  COMP VALUE 2932959818.
000245C            05  FILLER-233          PIC 9(09)  COMP VALUE 3654703836.
000246C            05  FILLER-234          PIC 9(09)  COMP VALUE 1088359270.
000247C            05  FILLER-235          PIC 9(09)  COMP VALUE  936918000.
000248C            05  FILLER-236          PIC 9(09)  COMP VALUE 2847714899.
000249C            05  FILLER-237          PIC 9(09)  COMP VALUE 3736837829.
000250C            05  FILLER-238          PIC 9(09)  COMP VALUE 1202900863.
000251C            05  FILLER-239          PIC 9(09)  COMP VALUE  817233897.
000252C            05  FILLER-240          PIC 9(09)  COMP VALUE 3183342108.
000253C            05  FILLER-241          PIC 9(09)  COMP VALUE 3401237130.
000254C            05  FILLER-242          PIC 9(09)  COMP VALUE 1404277552.
000255C            05  FILLER-243          PIC 9(09)  COMP VALUE  615818150.
000256C            05  FILLER-244          PIC 9(09)  COMP VALUE 3134207493.
000257C            05  FILLER-245          PIC 9(09)  COMP VALUE 3453421203.
000258C            05  FILLER-246          PIC 9(09)  COMP VALUE 1423857449.
000259C            05  FILLER-247          PIC 9(09)  COMP VALUE  601450431.
000260C            05  FILLER-248          PIC 9(09)  COMP VALUE 3009837614.
000261C            05  FILLER-249          PIC 9(09)  COMP VALUE 3294710456.
000262C            05  FILLER-250          PIC 9(09)  COMP VALUE 1567103746.
000263C            05  FILLER-251          PIC 9(09)  COMP VALUE  711928724.
000264C            05  FILLER-252          PIC 9(09)  COMP VALUE 3020668471.
000265C            05  FILLER-253          PIC 9(09)  COMP VALUE 3272380065.
000266C            05  FILLER-254          PIC 9(09)  COMP VALUE 1510334235.
000267C            05  FILLER-255          PIC 9(09)  COMP VALUE  755167117.
GnuCOBOL 3.0-rc1.0      CRC32.cob                                                     Sun Feb 09 10:36:38 2020  Page 0009

LINE    PG/LN  A...B............................................................SEQUENCE

000268C        01  FILLER REDEFINES W-CRC32-TABLE.
000269C            05  W-CRC32-ENTRY       PIC 9(09)  COMP OCCURS 256.
GnuCOBOL 3.0-rc1.0      CRC32.cob                                                     Sun Feb 09 10:36:38 2020  Page 0010

LINE    PG/LN  A...B............................................................SEQUENCE

000088        /
000089         LINKAGE SECTION.
000090        *----------------
000091
000092         01  L-PARAMETER.            COPY CRC32L.
000001C       *========================== CRC32L.cpy ==========================*
000002C       * Authors: Brian D Pead
000003C       *
000004C       * Description: Linkage parameter for subroutine CRC32 which
000005C       *              calculates a CRC-32 checksum.
000006C       *
000007C       * License: MIT
000008C       *
000009C       * Date        Version  Description
000010C       * ----        -------  -----------
000011C       * 2020-02-08  1.0      First release
000012C       *================================================================*
000013C
000014C       *01  CRC32-PATRAMETER.
000015C
000016C       **** Input fields:
000017C       ****     CRC-STAGE:
000018C       ****         Stage of the checksum process - use values other than
000019C       ****         'SE' when data to checksum is passed in chunks.
000020C       ****     CRC-BUFFER:
000021C       ****         Pointer to buffer on which to calculate checksum.
000022C       ****     CRC-BUFFER-LEN:
000023C       ****         Length of buffer.
000024C
000025C       **** Output field:
000026C       ****     CRC-CHECKSUM:
000027C       ****         Calculated checksum (partial result if processing in
000028C       ****         chunks).
000029C
000030C            05  CRC-STAGE           PIC X(02)       VALUE 'SE'.
000031C                88  CRC-STAGE-START-END             VALUE 'SE'.
000032C                88  CRC-STAGE-START                 VALUE 'ST'.
000033C                88  CRC-STAGE-IN-PROCESS            VALUE 'IP'.
000034C                88  CRC-STAGE-END                   VALUE 'EN'.
000035C
000036C            05  CRC-BUFFER-PTR                      POINTER.
000037C
000038C            05  CRC-BUFFER-LEN      PIC 9(09)  COMP.
000039C
000040C            05  CRC-CHECKSUM        PIC 9(09)  COMP.
warning: line not terminated by a newline
000093
000094         01  L-BUFFER.
000095             05  L-BUFFER-BYTE       PIC X(01)       OCCURS 32768
000096                                                     INDEXED L-DX.
GnuCOBOL 3.0-rc1.0      CRC32.cob                                                     Sun Feb 09 10:36:38 2020  Page 0011

LINE    PG/LN  A...B............................................................SEQUENCE

000097        /
000098         PROCEDURE DIVISION USING L-PARAMETER.
000099        *==================
000100
000101         MAIN.
000102        *-----
000103
000104             PERFORM SUB-1000-START-UP THRU SUB-1000-EXIT
000105
000106             PERFORM SUB-2000-PROCESS THRU SUB-2000-EXIT
000107                 VARYING L-DX FROM 1 BY 1
000108                   UNTIL L-DX > CRC-BUFFER-LEN
000109
000110             IF      CRC-STAGE-START-END
000111             OR      CRC-STAGE-END
000112                 PERFORM SUB-3000-COMPLEMENT THRU SUB-3000-EXIT
000113             END-IF
000114             .
000115         MAIN-EXIT.
000116             GOBACK.
GnuCOBOL 3.0-rc1.0      CRC32.cob                                                     Sun Feb 09 10:36:38 2020  Page 0012

LINE    PG/LN  A...B............................................................SEQUENCE

000117        /
000118         SUB-1000-START-UP.
000119        *------------------
000120
000121             IF      CRC-STAGE-START-END
000122             OR      CRC-STAGE-START
000123                 MOVE W-HIGH-VALUES-BIN
000124                                     TO CRC-CHECKSUM
000125             END-IF
000126
000127             SET  ADDRESS OF L-BUFFER
000128                                     TO CRC-BUFFER-PTR
000129             SET  BW-OPERATION-XOR   TO TRUE
000130             MOVE 4                  TO BW-INPUT-LEN
000131             SET  BW-OUTPUT-PTR      TO ADDRESS OF W-BITWISE-RESULT
000132
000133             IF      W-NOT-FIRST-CALL
000134                 GO TO SUB-1000-EXIT
000135             END-IF
000136
000137             SET W-NOT-FIRST-CALL    TO TRUE
000138             MOVE FUNCTION WHEN-COMPILED
000139                                     TO W-COMPILED-DATE
000140
000141             DISPLAY 'CRC32    compiled on '
000142                 W-COMPILED-DATE-YYYY '/'
000143                 W-COMPILED-DATE-MM   '/'
000144                 W-COMPILED-DATE-DD   ' at '
000145                 W-COMPILED-TIME-HH   ':'
000146                 W-COMPILED-TIME-MM   ':'
000147                 W-COMPILED-TIME-SS
000148             .
000149         SUB-1000-EXIT.
000150             EXIT.
GnuCOBOL 3.0-rc1.0      CRC32.cob                                                     Sun Feb 09 10:36:38 2020  Page 0013

LINE    PG/LN  A...B............................................................SEQUENCE

000151        /
000152         SUB-2000-PROCESS.
000153        *-----------------
000154
000155        **** SHIFT CRC 8 BITS RIGHT:
000156             COMPUTE W-CHECKSUM-SHIFT
000157                                     =  CRC-CHECKSUM / 256
000158
000159        **** USE LAST BYTE OF CRC:
000160             MOVE CRC-CHECKSUM       TO W-INPUT-1
000161             MOVE LOW-VALUES         TO W-INPUT-1-1-3
000162
000163        **** NEXT BYTE OF INPUT:
000164             MOVE 0                  TO W-INPUT-2
000165             MOVE L-BUFFER-BYTE(L-DX)
000166                                     TO W-INPUT-2-4
000167
000168        **** XOR LAST BYTE OF CRC AND NEXT BYTE OF INPUT:
000169             SET  BW-INPUT-1-PTR     TO ADDRESS OF W-INPUT-1
000170             SET  BW-INPUT-2-PTR     TO ADDRESS OF W-INPUT-2
000171
000172             PERFORM SUB-9100-CALL-BITWISE THRU SUB-9100-EXIT
000173
000174        **** XOR TABLE ENTRY AND CRC>>8:
000175             SET  BW-INPUT-1-PTR     TO ADDRESS OF
000176                                       W-CRC32-ENTRY(W-BITWISE-RESULT + 1)
000177             SET  BW-INPUT-2-PTR     TO ADDRESS OF W-CHECKSUM-SHIFT
000178
000179             PERFORM SUB-9100-CALL-BITWISE THRU SUB-9100-EXIT
000180
000181             MOVE W-BITWISE-RESULT   TO CRC-CHECKSUM
000182             .
000183         SUB-2000-EXIT.
000184             EXIT.
GnuCOBOL 3.0-rc1.0      CRC32.cob                                                     Sun Feb 09 10:36:38 2020  Page 0014

LINE    PG/LN  A...B............................................................SEQUENCE

000185        /
000186         SUB-3000-COMPLEMENT.
000187        *--------------------
000188
000189        **** BITWISE COMPLEMENT (I.E. BITWISE NOT):
000190             SET  BW-INPUT-1-PTR     TO ADDRESS OF CRC-CHECKSUM
000191             SET  BW-INPUT-2-PTR     TO ADDRESS OF W-HIGH-VALUES-X
000192
000193             PERFORM SUB-9100-CALL-BITWISE THRU SUB-9100-EXIT
000194
000195             MOVE W-BITWISE-RESULT   TO CRC-CHECKSUM
000196             .
000197         SUB-3000-EXIT.
000198             EXIT.
GnuCOBOL 3.0-rc1.0      CRC32.cob                                                     Sun Feb 09 10:36:38 2020  Page 0015

LINE    PG/LN  A...B............................................................SEQUENCE

000199        /
000200         SUB-9100-CALL-BITWISE.
000201        *----------------------
000202
000203             CALL W-BITWISE-PROG  USING W-BITWISE-PARAMETER
000204             .
000205         SUB-9100-EXIT.
000206             EXIT.
GnuCOBOL 3.0-rc1.0      CRC32.cob                                                     Sun Feb 09 10:36:38 2020  Page 0016

SIZE  TYPE           LVL  NAME                           PICTURE

      WORKING-STORAGE SECTION

00004 NUMERIC        01   W-CHECKSUM-SHIFT               9(09) COMP

00004 NUMERIC        01   W-BITWISE-RESULT               9(09) COMP

00008 ALPHANUMERIC   01   W-BITWISE-PROG                 X(08)

00001 ALPHANUMERIC   01   FILLER                         X(01)
      CONDITIONAL    88   W-FIRST-CALL
      CONDITIONAL    88   W-NOT-FIRST-CALL

00021 GROUP          01   W-COMPILED-DATE
00004 ALPHANUMERIC   05   W-COMPILED-DATE-YYYY           X(04)
00002 ALPHANUMERIC   05   W-COMPILED-DATE-MM             X(02)
00002 ALPHANUMERIC   05   W-COMPILED-DATE-DD             X(02)
00002 ALPHANUMERIC   05   W-COMPILED-TIME-HH             X(02)
00002 ALPHANUMERIC   05   W-COMPILED-TIME-MM             X(02)
00002 ALPHANUMERIC   05   W-COMPILED-TIME-SS             X(02)
00007 ALPHANUMERIC   05   FILLER                         X(07)

00004 ALPHANUMERIC   01   W-HIGH-VALUES-X                X(04)

00004 NUMERIC        01   W-HIGH-VALUES-BIN              9(09) COMP, REDEFINES W-HIGH-VALUES-X

00004 NUMERIC        01   W-INPUT-1                      9(09) COMP

00004 GROUP          01   W-INPUT-1-BYTES, REDEFINES W-INPUT-1
00003 ALPHANUMERIC   05   W-INPUT-1-1-3                  X(03)
00001 ALPHANUMERIC   05   W-INPUT-1-4                    X(01)

00004 NUMERIC        01   W-INPUT-2                      9(09) COMP

00004 GROUP          01   W-INPUT-2-BYTES, REDEFINES W-INPUT-2
00003 ALPHANUMERIC   05   W-INPUT-2-1-3                  X(03)
00001 ALPHANUMERIC   05   W-INPUT-2-4                    X(01)

00002 NUMERIC        01   W-SUB-1                        S9(04) COMP

00002 GROUP          01   FILLER, REDEFINES W-SUB-1
00001 ALPHANUMERIC   05   FILLER                         X(01)
00001 ALPHANUMERIC   05   W-SUB-1-2                      X(01)

00002 NUMERIC        01   W-SUB-2                        S9(04) COMP

00002 GROUP          01   FILLER, REDEFINES W-SUB-2
00001 ALPHANUMERIC   05   FILLER                         X(01)
00001 ALPHANUMERIC   05   W-SUB-2-2                      X(01)

00030 GROUP          01   W-BITWISE-PARAMETER
00002 NUMERIC        05   BW-OPERATION                   S9(04) COMP
GnuCOBOL 3.0-rc1.0      CRC32.cob                                                     Sun Feb 09 10:36:38 2020  Page 0017

SIZE  TYPE           LVL  NAME                           PICTURE

      CONDITIONAL    88   BW-OPERATION-AND
      CONDITIONAL    88   BW-OPERATION-OR
      CONDITIONAL    88   BW-OPERATION-XOR
00008 POINTER        05   BW-INPUT-1-PTR
00008 POINTER        05   BW-INPUT-2-PTR
00004 NUMERIC        05   BW-INPUT-LEN                   9(09) COMP
00008 POINTER        05   BW-OUTPUT-PTR

01024 GROUP          01   W-CRC32-TABLE
00004 NUMERIC        05   FILLER                         9(09) COMP
00004 NUMERIC        05   FILLER                         9(09) COMP
00004 NUMERIC        05   FILLER                         9(09) COMP
00004 NUMERIC        05   FILLER                         9(09) COMP
00004 NUMERIC        05   FILLER                         9(09) COMP
00004 NUMERIC        05   FILLER                         9(09) COMP
00004 NUMERIC        05   FILLER                         9(09) COMP
00004 NUMERIC        05   FILLER                         9(09) COMP
00004 NUMERIC        05   FILLER                         9(09) COMP
00004 NUMERIC        05   FILLER                         9(09) COMP
00004 NUMERIC        05   FILLER                         9(09) COMP
00004 NUMERIC        05   FILLER                         9(09) COMP
00004 NUMERIC        05   FILLER                         9(09) COMP
00004 NUMERIC        05   FILLER                         9(09) COMP
00004 NUMERIC        05   FILLER                         9(09) COMP
00004 NUMERIC        05   FILLER                         9(09) COMP
00004 NUMERIC        05   FILLER                         9(09) COMP
00004 NUMERIC        05   FILLER                         9(09) COMP
00004 NUMERIC        05   FILLER                         9(09) COMP
00004 NUMERIC        05   FILLER                         9(09) COMP
00004 NUMERIC        05   FILLER                         9(09) COMP
00004 NUMERIC        05   FILLER                         9(09) COMP
00004 NUMERIC        05   FILLER                         9(09) COMP
00004 NUMERIC        05   FILLER                         9(09) COMP
00004 NUMERIC        05   FILLER                         9(09) COMP
00004 NUMERIC        05   FILLER                         9(09) COMP
00004 NUMERIC        05   FILLER                         9(09) COMP
00004 NUMERIC        05   FILLER                         9(09) COMP
00004 NUMERIC        05   FILLER                         9(09) COMP
00004 NUMERIC        05   FILLER                         9(09) COMP
00004 NUMERIC        05   FILLER                         9(09) COMP
00004 NUMERIC        05   FILLER                         9(09) COMP
00004 NUMERIC        05   FILLER                         9(09) COMP
00004 NUMERIC        05   FILLER                         9(09) COMP
00004 NUMERIC        05   FILLER                         9(09) COMP
00004 NUMERIC        05   FILLER                         9(09) COMP
00004 NUMERIC        05   FILLER                         9(09) COMP
00004 NUMERIC        05   FILLER                         9(09) COMP
00004 NUMERIC        05   FILLER                         9(09) COMP
00004 NUMERIC        05   FILLER                         9(09) COMP
00004 NUMERIC        05   FILLER                         9(09) COMP
00004 NUMERIC        05   FILLER                         9(09) COMP
00004 NUMERIC        05   FILLER                         9(09) COMP
GnuCOBOL 3.0-rc1.0      CRC32.cob                                                     Sun Feb 09 10:36:38 2020  Page 0018

SIZE  TYPE           LVL  NAME                           PICTURE

00004 NUMERIC        05   FILLER                         9(09) COMP
00004 NUMERIC        05   FILLER                         9(09) COMP
00004 NUMERIC        05   FILLER                         9(09) COMP
00004 NUMERIC        05   FILLER                         9(09) COMP
00004 NUMERIC        05   FILLER                         9(09) COMP
00004 NUMERIC        05   FILLER                         9(09) COMP
00004 NUMERIC        05   FILLER                         9(09) COMP
00004 NUMERIC        05   FILLER                         9(09) COMP
00004 NUMERIC        05   FILLER                         9(09) COMP
00004 NUMERIC        05   FILLER                         9(09) COMP
00004 NUMERIC        05   FILLER                         9(09) COMP
00004 NUMERIC        05   FILLER                         9(09) COMP
00004 NUMERIC        05   FILLER                         9(09) COMP
00004 NUMERIC        05   FILLER                         9(09) COMP
00004 NUMERIC        05   FILLER                         9(09) COMP
00004 NUMERIC        05   FILLER                         9(09) COMP
00004 NUMERIC        05   FILLER                         9(09) COMP
00004 NUMERIC        05   FILLER                         9(09) COMP
00004 NUMERIC        05   FILLER                         9(09) COMP
00004 NUMERIC        05   FILLER                         9(09) COMP
00004 NUMERIC        05   FILLER                         9(09) COMP
00004 NUMERIC        05   FILLER                         9(09) COMP
00004 NUMERIC        05   FILLER                         9(09) COMP
00004 NUMERIC        05   FILLER                         9(09) COMP
00004 NUMERIC        05   FILLER                         9(09) COMP
00004 NUMERIC        05   FILLER                         9(09) COMP
00004 NUMERIC        05   FILLER                         9(09) COMP
00004 NUMERIC        05   FILLER                         9(09) COMP
00004 NUMERIC        05   FILLER                         9(09) COMP
00004 NUMERIC        05   FILLER                         9(09) COMP
00004 NUMERIC        05   FILLER                         9(09) COMP
00004 NUMERIC        05   FILLER                         9(09) COMP
00004 NUMERIC        05   FILLER                         9(09) COMP
00004 NUMERIC        05   FILLER                         9(09) COMP
00004 NUMERIC        05   FILLER                         9(09) COMP
00004 NUMERIC        05   FILLER                         9(09) COMP
00004 NUMERIC        05   FILLER                         9(09) COMP
00004 NUMERIC        05   FILLER                         9(09) COMP
00004 NUMERIC        05   FILLER                         9(09) COMP
00004 NUMERIC        05   FILLER                         9(09) COMP
00004 NUMERIC        05   FILLER                         9(09) COMP
00004 NUMERIC        05   FILLER                         9(09) COMP
00004 NUMERIC        05   FILLER                         9(09) COMP
00004 NUMERIC        05   FILLER                         9(09) COMP
00004 NUMERIC        05   FILLER                         9(09) COMP
00004 NUMERIC        05   FILLER                         9(09) COMP
00004 NUMERIC        05   FILLER                         9(09) COMP
00004 NUMERIC        05   FILLER                         9(09) COMP
00004 NUMERIC        05   FILLER                         9(09) COMP
00004 NUMERIC        05   FILLER                         9(09) COMP
00004 NUMERIC        05   FILLER                         9(09) COMP
00004 NUMERIC        05   FILLER                         9(09) COMP
GnuCOBOL 3.0-rc1.0      CRC32.cob                                                     Sun Feb 09 10:36:38 2020  Page 0019

SIZE  TYPE           LVL  NAME                           PICTURE

00004 NUMERIC        05   FILLER                         9(09) COMP
00004 NUMERIC        05   FILLER                         9(09) COMP
00004 NUMERIC        05   FILLER                         9(09) COMP
00004 NUMERIC        05   FILLER                         9(09) COMP
00004 NUMERIC        05   FILLER                         9(09) COMP
00004 NUMERIC        05   FILLER                         9(09) COMP
00004 NUMERIC        05   FILLER                         9(09) COMP
00004 NUMERIC        05   FILLER                         9(09) COMP
00004 NUMERIC        05   FILLER                         9(09) COMP
00004 NUMERIC        05   FILLER                         9(09) COMP
00004 NUMERIC        05   FILLER                         9(09) COMP
00004 NUMERIC        05   FILLER                         9(09) COMP
00004 NUMERIC        05   FILLER                         9(09) COMP
00004 NUMERIC        05   FILLER                         9(09) COMP
00004 NUMERIC        05   FILLER                         9(09) COMP
00004 NUMERIC        05   FILLER                         9(09) COMP
00004 NUMERIC        05   FILLER                         9(09) COMP
00004 NUMERIC        05   FILLER                         9(09) COMP
00004 NUMERIC        05   FILLER                         9(09) COMP
00004 NUMERIC        05   FILLER                         9(09) COMP
00004 NUMERIC        05   FILLER                         9(09) COMP
00004 NUMERIC        05   FILLER                         9(09) COMP
00004 NUMERIC        05   FILLER                         9(09) COMP
00004 NUMERIC        05   FILLER                         9(09) COMP
00004 NUMERIC        05   FILLER                         9(09) COMP
00004 NUMERIC        05   FILLER                         9(09) COMP
00004 NUMERIC        05   FILLER                         9(09) COMP
00004 NUMERIC        05   FILLER                         9(09) COMP
00004 NUMERIC        05   FILLER                         9(09) COMP
00004 NUMERIC        05   FILLER                         9(09) COMP
00004 NUMERIC        05   FILLER                         9(09) COMP
00004 NUMERIC        05   FILLER                         9(09) COMP
00004 NUMERIC        05   FILLER                         9(09) COMP
00004 NUMERIC        05   FILLER                         9(09) COMP
00004 NUMERIC        05   FILLER                         9(09) COMP
00004 NUMERIC        05   FILLER                         9(09) COMP
00004 NUMERIC        05   FILLER                         9(09) COMP
00004 NUMERIC        05   FILLER                         9(09) COMP
00004 NUMERIC        05   FILLER                         9(09) COMP
00004 NUMERIC        05   FILLER                         9(09) COMP
00004 NUMERIC        05   FILLER                         9(09) COMP
00004 NUMERIC        05   FILLER                         9(09) COMP
00004 NUMERIC        05   FILLER                         9(09) COMP
00004 NUMERIC        05   FILLER                         9(09) COMP
00004 NUMERIC        05   FILLER                         9(09) COMP
00004 NUMERIC        05   FILLER                         9(09) COMP
00004 NUMERIC        05   FILLER                         9(09) COMP
00004 NUMERIC        05   FILLER                         9(09) COMP
00004 NUMERIC        05   FILLER                         9(09) COMP
00004 NUMERIC        05   FILLER                         9(09) COMP
00004 NUMERIC        05   FILLER                         9(09) COMP
00004 NUMERIC        05   FILLER                         9(09) COMP
GnuCOBOL 3.0-rc1.0      CRC32.cob                                                     Sun Feb 09 10:36:38 2020  Page 0020

SIZE  TYPE           LVL  NAME                           PICTURE

00004 NUMERIC        05   FILLER                         9(09) COMP
00004 NUMERIC        05   FILLER                         9(09) COMP
00004 NUMERIC        05   FILLER                         9(09) COMP
00004 NUMERIC        05   FILLER                         9(09) COMP
00004 NUMERIC        05   FILLER                         9(09) COMP
00004 NUMERIC        05   FILLER                         9(09) COMP
00004 NUMERIC        05   FILLER                         9(09) COMP
00004 NUMERIC        05   FILLER                         9(09) COMP
00004 NUMERIC        05   FILLER                         9(09) COMP
00004 NUMERIC        05   FILLER                         9(09) COMP
00004 NUMERIC        05   FILLER                         9(09) COMP
00004 NUMERIC        05   FILLER                         9(09) COMP
00004 NUMERIC        05   FILLER                         9(09) COMP
00004 NUMERIC        05   FILLER                         9(09) COMP
00004 NUMERIC        05   FILLER                         9(09) COMP
00004 NUMERIC        05   FILLER                         9(09) COMP
00004 NUMERIC        05   FILLER                         9(09) COMP
00004 NUMERIC        05   FILLER                         9(09) COMP
00004 NUMERIC        05   FILLER                         9(09) COMP
00004 NUMERIC        05   FILLER                         9(09) COMP
00004 NUMERIC        05   FILLER                         9(09) COMP
00004 NUMERIC        05   FILLER                         9(09) COMP
00004 NUMERIC        05   FILLER                         9(09) COMP
00004 NUMERIC        05   FILLER                         9(09) COMP
00004 NUMERIC        05   FILLER                         9(09) COMP
00004 NUMERIC        05   FILLER                         9(09) COMP
00004 NUMERIC        05   FILLER                         9(09) COMP
00004 NUMERIC        05   FILLER                         9(09) COMP
00004 NUMERIC        05   FILLER                         9(09) COMP
00004 NUMERIC        05   FILLER                         9(09) COMP
00004 NUMERIC        05   FILLER                         9(09) COMP
00004 NUMERIC        05   FILLER                         9(09) COMP
00004 NUMERIC        05   FILLER                         9(09) COMP
00004 NUMERIC        05   FILLER                         9(09) COMP
00004 NUMERIC        05   FILLER                         9(09) COMP
00004 NUMERIC        05   FILLER                         9(09) COMP
00004 NUMERIC        05   FILLER                         9(09) COMP
00004 NUMERIC        05   FILLER                         9(09) COMP
00004 NUMERIC        05   FILLER                         9(09) COMP
00004 NUMERIC        05   FILLER                         9(09) COMP
00004 NUMERIC        05   FILLER                         9(09) COMP
00004 NUMERIC        05   FILLER                         9(09) COMP
00004 NUMERIC        05   FILLER                         9(09) COMP
00004 NUMERIC        05   FILLER                         9(09) COMP
00004 NUMERIC        05   FILLER                         9(09) COMP
00004 NUMERIC        05   FILLER                         9(09) COMP
00004 NUMERIC        05   FILLER                         9(09) COMP
00004 NUMERIC        05   FILLER                         9(09) COMP
00004 NUMERIC        05   FILLER                         9(09) COMP
00004 NUMERIC        05   FILLER                         9(09) COMP
00004 NUMERIC        05   FILLER                         9(09) COMP
00004 NUMERIC        05   FILLER                         9(09) COMP
GnuCOBOL 3.0-rc1.0      CRC32.cob                                                     Sun Feb 09 10:36:38 2020  Page 0021

SIZE  TYPE           LVL  NAME                           PICTURE

00004 NUMERIC        05   FILLER                         9(09) COMP
00004 NUMERIC        05   FILLER                         9(09) COMP
00004 NUMERIC        05   FILLER                         9(09) COMP
00004 NUMERIC        05   FILLER                         9(09) COMP
00004 NUMERIC        05   FILLER                         9(09) COMP
00004 NUMERIC        05   FILLER                         9(09) COMP
00004 NUMERIC        05   FILLER                         9(09) COMP
00004 NUMERIC        05   FILLER                         9(09) COMP
00004 NUMERIC        05   FILLER                         9(09) COMP
00004 NUMERIC        05   FILLER                         9(09) COMP
00004 NUMERIC        05   FILLER                         9(09) COMP
00004 NUMERIC        05   FILLER                         9(09) COMP
00004 NUMERIC        05   FILLER                         9(09) COMP
00004 NUMERIC        05   FILLER                         9(09) COMP
00004 NUMERIC        05   FILLER                         9(09) COMP
00004 NUMERIC        05   FILLER                         9(09) COMP
00004 NUMERIC        05   FILLER                         9(09) COMP
00004 NUMERIC        05   FILLER                         9(09) COMP
00004 NUMERIC        05   FILLER                         9(09) COMP
00004 NUMERIC        05   FILLER                         9(09) COMP
00004 NUMERIC        05   FILLER                         9(09) COMP
00004 NUMERIC        05   FILLER                         9(09) COMP
00004 NUMERIC        05   FILLER                         9(09) COMP
00004 NUMERIC        05   FILLER                         9(09) COMP
00004 NUMERIC        05   FILLER                         9(09) COMP
00004 NUMERIC        05   FILLER                         9(09) COMP
00004 NUMERIC        05   FILLER                         9(09) COMP
00004 NUMERIC        05   FILLER                         9(09) COMP
00004 NUMERIC        05   FILLER                         9(09) COMP
00004 NUMERIC        05   FILLER                         9(09) COMP
00004 NUMERIC        05   FILLER                         9(09) COMP
00004 NUMERIC        05   FILLER                         9(09) COMP
00004 NUMERIC        05   FILLER                         9(09) COMP
00004 NUMERIC        05   FILLER                         9(09) COMP
00004 NUMERIC        05   FILLER                         9(09) COMP
00004 NUMERIC        05   FILLER                         9(09) COMP
00004 NUMERIC        05   FILLER                         9(09) COMP
00004 NUMERIC        05   FILLER                         9(09) COMP
00004 NUMERIC        05   FILLER                         9(09) COMP
00004 NUMERIC        05   FILLER                         9(09) COMP
00004 NUMERIC        05   FILLER                         9(09) COMP
00004 NUMERIC        05   FILLER                         9(09) COMP
00004 NUMERIC        05   FILLER                         9(09) COMP
00004 NUMERIC        05   FILLER                         9(09) COMP
00004 NUMERIC        05   FILLER                         9(09) COMP
00004 NUMERIC        05   FILLER                         9(09) COMP
00004 NUMERIC        05   FILLER                         9(09) COMP
00004 NUMERIC        05   FILLER                         9(09) COMP
00004 NUMERIC        05   FILLER                         9(09) COMP
00004 NUMERIC        05   FILLER                         9(09) COMP
00004 NUMERIC        05   FILLER                         9(09) COMP
00004 NUMERIC        05   FILLER                         9(09) COMP
GnuCOBOL 3.0-rc1.0      CRC32.cob                                                     Sun Feb 09 10:36:38 2020  Page 0022

SIZE  TYPE           LVL  NAME                           PICTURE

00004 NUMERIC        05   FILLER                         9(09) COMP
00004 NUMERIC        05   FILLER                         9(09) COMP
00004 NUMERIC        05   FILLER                         9(09) COMP
00004 NUMERIC        05   FILLER                         9(09) COMP
00004 NUMERIC        05   FILLER                         9(09) COMP

01024 GROUP          01   FILLER, REDEFINES W-CRC32-TABLE
00004 NUMERIC        05   W-CRC32-ENTRY                  9(09) COMP, OCCURS 256

      LINKAGE SECTION

00018 GROUP          01   L-PARAMETER
00002 ALPHANUMERIC   05   CRC-STAGE                      X(02)
      CONDITIONAL    88   CRC-STAGE-START-END
      CONDITIONAL    88   CRC-STAGE-START
      CONDITIONAL    88   CRC-STAGE-IN-PROCESS
      CONDITIONAL    88   CRC-STAGE-END
00008 POINTER        05   CRC-BUFFER-PTR
00004 NUMERIC        05   CRC-BUFFER-LEN                 9(09) COMP
00004 NUMERIC        05   CRC-CHECKSUM                   9(09) COMP

32768 GROUP          01   L-BUFFER
00001 ALPHANUMERIC   05   L-BUFFER-BYTE                  X(01), OCCURS 32768


GnuCOBOL 3.0-rc1.0      CRC32.cob                                                     Sun Feb 09 10:36:38 2020  Page 0023

Error/Warning summary:

E:/Users/Brian D Pead/Documents/GnuCOBOL Projects/GC-Utilities/CopyBooks/CRC32L.CPY:40: warning: line not terminated by a newline

1 warning in compilation group
0 errors in compilation group
